// Jest Snapshot v1, https://goo.gl/fbAQLP

exports[`renders correctly 1`] = `
<Styled(Container)
  style={
    Object {
      "backgroundColor": "#FFF",
    }
  }
>
  <Component
    text="All Books"
  />
  <BookListView
    filter="All"
  />
</Styled(Container)>
`;
