// Jest Snapshot v1, https://goo.gl/fbAQLP

exports[`renders correctly 1`] = `
<Styled(Header)>
  <Styled(Body)>
    <Styled(Title)>
      Sample Text
    </Styled(Title)>
  </Styled(Body)>
  <Styled(Right) />
</Styled(Header)>
`;
